  Njulf.Core -> D:\Code\C#\Njulf4.0-Simplified\Njulf\Njulf.Core\bin\Release\net10.0\Njulf.Core.dll
  Njulf.Input -> D:\Code\C#\Njulf4.0-Simplified\Njulf\Njulf.Input\bin\Release\net10.0\Njulf.Input.dll
  Njulf.Assets -> D:\Code\C#\Njulf4.0-Simplified\Njulf\Njulf.Assets\bin\Release\net10.0\Njulf.Assets.dll
  Verified 20 production forward/Simple-DDGI modules contain no OpAtomicIAdd diagnostics.
  Njulf.Shaders -> D:\Code\C#\Njulf4.0-Simplified\Njulf\Njulf.Shaders\bin\Release\net10.0\Njulf.Shaders.dll
  Njulf.Rendering -> D:\Code\C#\Njulf4.0-Simplified\Njulf\Njulf.Rendering\bin\Release\net10.0\Njulf.Rendering.dll
  Njulf.Editor -> D:\Code\C#\Njulf4.0-Simplified\Njulf\Njulf.Editor\bin\Release\net10.0\Njulf.Editor.dll
  NjulfHelloGame -> D:\Code\C#\Njulf4.0-Simplified\Njulf\NjulfHelloGame\bin\Release\net10.0\NjulfHelloGame.dll
  Njulf.Tests -> D:\Code\C#\Njulf4.0-Simplified\Njulf\Njulf.Tests\bin\Release\net10.0\Njulf.Tests.dll
Test run for D:\Code\C#\Njulf4.0-Simplified\Njulf\Njulf.Tests\bin\Release\net10.0\Njulf.Tests.dll (.NETCoreApp,Version=v10.0)
A total of 1 test files matched the specified pattern.
  Skipped HardwareGate_ProducesAuthenticCoverageEvidence [< 1 ms]
  Failed ModelCooker_CooksAndIncrementallyReloadsAnimatedGlbPackage [1 s]
  Error Message:
     Cooked CPU load must be at least 50% faster than source import (source=162.24ms, cooked=98.34ms).
Assert.That(cookedLoadMilliseconds, Is.LessThan(sourceLoadMilliseconds * 0.5))
  Expected: less than 81.119150000000005d
  But was:  98.340999999999994d

  Stack Trace:
     at Njulf.Tests.CookedAssetTests.ModelCooker_CooksAndIncrementallyReloadsAnimatedGlbPackage() in D:\Code\C#\Njulf4.0-Simplified\Njulf\Njulf.Tests\CookedAssetTests.cs:line 468

1)    at Njulf.Tests.CookedAssetTests.<>c__DisplayClass19_0.<ModelCooker_CooksAndIncrementallyReloadsAnimatedGlbPackage>b__0() in D:\Code\C#\Njulf4.0-Simplified\Njulf\Njulf.Tests\CookedAssetTests.cs:line 483
   at NUnit.Framework.Assert.Multiple(TestDelegate testDelegate)
   at Njulf.Tests.CookedAssetTests.ModelCooker_CooksAndIncrementallyReloadsAnimatedGlbPackage() in D:\Code\C#\Njulf4.0-Simplified\Njulf\Njulf.Tests\CookedAssetTests.cs:line 468


Smoke fullscreen: skipped (Silk.NET fullscreen switching is backend-dependent and is not forced in smoke mode.)
Smoke resize: passed (observed=1280x720)
Smoke resize: passed (observed=1920x1080)
Smoke resize: passed (observed=800x600)
Smoke minimize-zero-framebuffer: passed (observed=0x0)
Smoke restore-framebuffer: passed (observed=800x600)
Smoke scene-reload: passed (reload=1/1, postReloadFrameObserved=true)

Smoke fullscreen: skipped (Silk.NET fullscreen switching is backend-dependent and is not forced in smoke mode.)

Smoke minimize-zero-framebuffer: passed (framebuffer=0x0, state=Minimized)
Smoke restore-framebuffer: passed (framebuffer=1600x900, state=Normal)

Smoke missing-assets: skipped (Pass --force-missing-assets to enable controlled missing-asset validation.)

Smoke missing-assets: passed (Required missing model path produced a controlled FileNotFoundException.)

Smoke scene-reload: passed (reload=1/1, postReloadFrameObserved=true)

Smoke long-run-duration: passed (elapsedMinutes=0.500, requestedMinutes=0.500)

Results File: D:\Code\C#\Njulf4.0-Simplified\Njulf\Njulf.Tests\TestResults\full-release-final.trx

Failed!  - Failed:     1, Passed:  2114, Skipped:     0, Total:  2115, Duration: 50 s - Njulf.Tests.dll (net10.0)
