  D:\Code\C#\Njulf4.0-Simplified\Njulf\Njulf.Shaders\depth.task
  D:\Code\C#\Njulf4.0-Simplified\Njulf\Njulf.Shaders\foliage_grass.task
  D:\Code\C#\Njulf4.0-Simplified\Njulf\Njulf.Shaders\foliage_mesh.task
  D:\Code\C#\Njulf4.0-Simplified\Njulf\Njulf.Shaders\foliage_motion.task
  D:\Code\C#\Njulf4.0-Simplified\Njulf\Njulf.Shaders\forward.task
  D:\Code\C#\Njulf4.0-Simplified\Njulf\Njulf.Shaders\forward_compacted.task
  D:\Code\C#\Njulf4.0-Simplified\Njulf\Njulf.Shaders\motion_vector.task
  D:\Code\C#\Njulf4.0-Simplified\Njulf\Njulf.Shaders\shadow_depth.task
  D:\Code\C#\Njulf4.0-Simplified\Njulf\Njulf.Shaders\depth.mesh
  D:\Code\C#\Njulf4.0-Simplified\Njulf\Njulf.Shaders\depth_alpha.mesh
  D:\Code\C#\Njulf4.0-Simplified\Njulf\Njulf.Shaders\foliage_grass.mesh
  D:\Code\C#\Njulf4.0-Simplified\Njulf\Njulf.Shaders\foliage_mesh.mesh
  D:\Code\C#\Njulf4.0-Simplified\Njulf\Njulf.Shaders\foliage_motion.mesh
  D:\Code\C#\Njulf4.0-Simplified\Njulf\Njulf.Shaders\forward.mesh
  D:\Code\C#\Njulf4.0-Simplified\Njulf\Njulf.Shaders\forward_simple.mesh
  D:\Code\C#\Njulf4.0-Simplified\Njulf\Njulf.Shaders\motion_vector.mesh
  D:\Code\C#\Njulf4.0-Simplified\Njulf\Njulf.Shaders\shadow_depth.mesh
  D:\Code\C#\Njulf4.0-Simplified\Njulf\Njulf.Shaders\shadow_depth_alpha.mesh
  D:\Code\C#\Njulf4.0-Simplified\Njulf\Njulf.Shaders\alpha_visibility_conformance.vert
  D:\Code\C#\Njulf4.0-Simplified\Njulf\Njulf.Shaders\composite.vert
  D:\Code\C#\Njulf4.0-Simplified\Njulf\Njulf.Shaders\debug_line.vert
  D:\Code\C#\Njulf4.0-Simplified\Njulf\Njulf.Shaders\imgui.vert
  D:\Code\C#\Njulf4.0-Simplified\Njulf\Njulf.Shaders\particle.vert
  D:\Code\C#\Njulf4.0-Simplified\Njulf\Njulf.Shaders\alpha_visibility_conformance.frag
  D:\Code\C#\Njulf4.0-Simplified\Njulf\Njulf.Shaders\debug_line.frag
  D:\Code\C#\Njulf4.0-Simplified\Njulf\Njulf.Shaders\depth_alpha.frag
  D:\Code\C#\Njulf4.0-Simplified\Njulf\Njulf.Shaders\depth_sided.frag
  D:\Code\C#\Njulf4.0-Simplified\Njulf\Njulf.Shaders\foliage_depth.frag
  D:\Code\C#\Njulf4.0-Simplified\Njulf\Njulf.Shaders\foliage_forward.frag
  D:\Code\C#\Njulf4.0-Simplified\Njulf\Njulf.Shaders\foliage_motion.frag
  D:\Code\C#\Njulf4.0-Simplified\Njulf\Njulf.Shaders\forward.frag
  D:\Code\C#\Njulf4.0-Simplified\Njulf\Njulf.Shaders\fxaa.frag
  D:\Code\C#\Njulf4.0-Simplified\Njulf\Njulf.Shaders\imgui.frag
  D:\Code\C#\Njulf4.0-Simplified\Njulf\Njulf.Shaders\motion_vector.frag
  D:\Code\C#\Njulf4.0-Simplified\Njulf\Njulf.Shaders\particle.frag
  D:\Code\C#\Njulf4.0-Simplified\Njulf\Njulf.Shaders\skybox.frag
  D:\Code\C#\Njulf4.0-Simplified\Njulf\Njulf.Shaders\smaa_blend_weight.frag
  D:\Code\C#\Njulf4.0-Simplified\Njulf\Njulf.Shaders\smaa_edge.frag
  D:\Code\C#\Njulf4.0-Simplified\Njulf\Njulf.Shaders\smaa_neighborhood.frag
  D:\Code\C#\Njulf4.0-Simplified\Njulf\Njulf.Shaders\taa_resolve.frag
  D:\Code\C#\Njulf4.0-Simplified\Njulf\Njulf.Shaders\tonemap_composite.frag
  D:\Code\C#\Njulf4.0-Simplified\Njulf\Njulf.Shaders\weighted_oit_composite.frag
  D:\Code\C#\Njulf4.0-Simplified\Njulf\Njulf.Shaders\alpha_visibility_conformance.comp
  D:\Code\C#\Njulf4.0-Simplified\Njulf\Njulf.Shaders\ambient_occlusion.comp
  D:\Code\C#\Njulf4.0-Simplified\Njulf\Njulf.Shaders\ambient_occlusion_blur.comp
  D:\Code\C#\Njulf4.0-Simplified\Njulf\Njulf.Shaders\auto_exposure.comp
  D:\Code\C#\Njulf4.0-Simplified\Njulf\Njulf.Shaders\bloom_downsample.comp
  D:\Code\C#\Njulf4.0-Simplified\Njulf\Njulf.Shaders\bloom_extract.comp
  D:\Code\C#\Njulf4.0-Simplified\Njulf\Njulf.Shaders\bloom_upsample.comp
  D:\Code\C#\Njulf4.0-Simplified\Njulf\Njulf.Shaders\ddgi_simple_blend.comp
  D:\Code\C#\Njulf4.0-Simplified\Njulf\Njulf.Shaders\ddgi_simple_publish.comp
  D:\Code\C#\Njulf4.0-Simplified\Njulf\Njulf.Shaders\ddgi_simple_publish_sampled.comp
  D:\Code\C#\Njulf4.0-Simplified\Njulf\Njulf.Shaders\ddgi_simple_relocate_classify.comp
  D:\Code\C#\Njulf4.0-Simplified\Njulf\Njulf.Shaders\ddgi_simple_schedule_admit.comp
  D:\Code\C#\Njulf4.0-Simplified\Njulf\Njulf.Shaders\ddgi_simple_schedule_classify.comp
  D:\Code\C#\Njulf4.0-Simplified\Njulf\Njulf.Shaders\ddgi_simple_schedule_commit_local.comp
  D:\Code\C#\Njulf4.0-Simplified\Njulf\Njulf.Shaders\ddgi_simple_schedule_commit_propagation.comp
  D:\Code\C#\Njulf4.0-Simplified\Njulf\Njulf.Shaders\ddgi_simple_schedule_compact.comp
  D:\Code\C#\Njulf4.0-Simplified\Njulf\Njulf.Shaders\ddgi_simple_schedule_emit.comp
  D:\Code\C#\Njulf4.0-Simplified\Njulf\Njulf.Shaders\ddgi_simple_schedule_feedback.comp
  D:\Code\C#\Njulf4.0-Simplified\Njulf\Njulf.Shaders\ddgi_simple_schedule_lane_base.comp
  D:\Code\C#\Njulf4.0-Simplified\Njulf\Njulf.Shaders\ddgi_simple_schedule_prefix.comp
  D:\Code\C#\Njulf4.0-Simplified\Njulf\Njulf.Shaders\ddgi_simple_schedule_reset.comp
  D:\Code\C#\Njulf4.0-Simplified\Njulf\Njulf.Shaders\ddgi_simple_trace.comp
  D:\Code\C#\Njulf4.0-Simplified\Njulf\Njulf.Shaders\ddgi_simple_transport.comp
  D:\Code\C#\Njulf4.0-Simplified\Njulf\Njulf.Shaders\environment_prefilter.comp
  D:\Code\C#\Njulf4.0-Simplified\Njulf\Njulf.Shaders\environment_prefilter_float.comp
  D:\Code\C#\Njulf4.0-Simplified\Njulf\Njulf.Shaders\farfield_jumpflood.comp
  D:\Code\C#\Njulf4.0-Simplified\Njulf\Njulf.Shaders\farfield_voxelize.comp
  D:\Code\C#\Njulf4.0-Simplified\Njulf\Njulf.Shaders\fog.comp
  D:\Code\C#\Njulf4.0-Simplified\Njulf\Njulf.Shaders\foliage_cull.comp
  D:\Code\C#\Njulf4.0-Simplified\Njulf\Njulf.Shaders\forward_visibility_compact.comp
  D:\Code\C#\Njulf4.0-Simplified\Njulf\Njulf.Shaders\gi_material_conformance.comp
  D:\Code\C#\Njulf4.0-Simplified\Njulf\Njulf.Shaders\hiz_downsample.comp
  D:\Code\C#\Njulf4.0-Simplified\Njulf\Njulf.Shaders\lightcull.comp
  D:\Code\C#\Njulf4.0-Simplified\Njulf\Njulf.Shaders\particle_reset.comp
  D:\Code\C#\Njulf4.0-Simplified\Njulf\Njulf.Shaders\particle_simulate.comp
  D:\Code\C#\Njulf4.0-Simplified\Njulf\Njulf.Shaders\particle_sort.comp
  D:\Code\C#\Njulf4.0-Simplified\Njulf\Njulf.Shaders\reflection_probe_prefilter.comp
  D:\Code\C#\Njulf4.0-Simplified\Njulf\Njulf.Shaders\scene_opaque_compact.comp
  D:\Code\C#\Njulf4.0-Simplified\Njulf\Njulf.Shaders\skinning.comp
  D:\Code\C#\Njulf4.0-Simplified\Njulf\Njulf.Shaders\forward.mesh
  D:\Code\C#\Njulf4.0-Simplified\Njulf\Njulf.Shaders\forward_simple.mesh
  D:\Code\C#\Njulf4.0-Simplified\Njulf\Njulf.Shaders\depth.task
  D:\Code\C#\Njulf4.0-Simplified\Njulf\Njulf.Shaders\forward.task
  D:\Code\C#\Njulf4.0-Simplified\Njulf\Njulf.Shaders\forward_compacted.task
  D:\Code\C#\Njulf4.0-Simplified\Njulf\Njulf.Shaders\forward.frag
  D:\Code\C#\Njulf4.0-Simplified\Njulf\Njulf.Shaders\forward.frag
  D:\Code\C#\Njulf4.0-Simplified\Njulf\Njulf.Shaders\forward.frag
  D:\Code\C#\Njulf4.0-Simplified\Njulf\Njulf.Shaders\forward.frag
  D:\Code\C#\Njulf4.0-Simplified\Njulf\Njulf.Shaders\foliage_forward.frag
  D:\Code\C#\Njulf4.0-Simplified\Njulf\Njulf.Shaders\forward.frag
  D:\Code\C#\Njulf4.0-Simplified\Njulf\Njulf.Shaders\forward.frag
  D:\Code\C#\Njulf4.0-Simplified\Njulf\Njulf.Shaders\forward.frag
  D:\Code\C#\Njulf4.0-Simplified\Njulf\Njulf.Shaders\foliage_forward.frag
  Njulf.Shaders -> D:\Code\C#\Njulf4.0-Simplified\Njulf\Njulf.Shaders\bin\Debug\net10.0\Njulf.Shaders.dll

Build succeeded.
    0 Warning(s)
    0 Error(s)

Time Elapsed 00:00:21.53
