{"kind":"header","timestampUtc":"2026-08-07T19:16:56.8388258+00:00","processId":10272,"osVersion":"Microsoft Windows NT 10.0.26200.0","dotnetVersion":"10.0.7","executablePath":"D:\\Code\\C#\\Njulf4.0-Simplified\\Njulf\\NjulfHelloGame\\bin\\ShippingPerformance\\net10.0\\NjulfHelloGame.exe","workingDirectory":"D:\\Code\\C#\\Njulf4.0-Simplified\\Njulf","commandLineArgs":["--benchmark","--performance-scenario","gi-sponza-right-wall-stationary","--quality-preset","ddgi-high","--validation","off","--benchmark-warmup-frames","0","--benchmark-measure-frames","120","--benchmark-max-settle-frames","2048","--benchmark-pair-id","receiver-cache-image8-perf-r1","--benchmark-variant","forward-gi-disabled","--benchmark-report",".tmp\\hallway-hotspot-final\\image8-perf-r1-disabled.json","--async-compute-mode","disabled","--startup-log",".tmp\\hallway-hotspot-final\\image8-perf-r1-disabled.log"],"rendererStartupLog":"D:\\Code\\C#\\Njulf4.0-Simplified\\Njulf\\.tmp\\hallway-hotspot-final\\image8-perf-r1-disabled.log"}
{"kind":"step","step":{"Name":"Game.CreateWindow","Status":"Started","TimestampUtc":"2026-08-07T19:16:56.8896514+00:00","ElapsedMicroseconds":0}}
{"kind":"step","step":{"Name":"Game.CreateWindow","Status":"Succeeded","TimestampUtc":"2026-08-07T19:16:56.9752319+00:00","ElapsedMicroseconds":85603}}
{"kind":"step","step":{"Name":"Game.ConfigureServices","Status":"Started","TimestampUtc":"2026-08-07T19:16:58.0915757+00:00","ElapsedMicroseconds":0}}
{"kind":"step","step":{"Name":"Game.ConfigureServices","Status":"Succeeded","TimestampUtc":"2026-08-07T19:16:58.1025657+00:00","ElapsedMicroseconds":10992}}
{"kind":"step","step":{"Name":"VulkanContext.CreateInstance","Status":"Started","TimestampUtc":"2026-08-07T19:16:58.1233815+00:00","ElapsedMicroseconds":0}}
{"kind":"step","step":{"Name":"VulkanContext.ValidateInstanceExtensions","Status":"Started","TimestampUtc":"2026-08-07T19:16:58.1317819+00:00","ElapsedMicroseconds":0}}
{"kind":"step","step":{"Name":"VulkanContext.ValidateInstanceExtensions","Status":"Succeeded","TimestampUtc":"2026-08-07T19:16:58.1405931+00:00","ElapsedMicroseconds":8821}}
{"kind":"step","step":{"Name":"VulkanContext.CreateInstance","Status":"Succeeded","TimestampUtc":"2026-08-07T19:16:58.3746003+00:00","ElapsedMicroseconds":251221}}
{"kind":"step","step":{"Name":"VulkanContext.LoadDebugUtils","Status":"Started","TimestampUtc":"2026-08-07T19:16:58.3746884+00:00","ElapsedMicroseconds":0}}
{"kind":"step","step":{"Name":"VulkanContext.LoadDebugUtils","Status":"Succeeded","TimestampUtc":"2026-08-07T19:16:58.3846195+00:00","ElapsedMicroseconds":9931}}
{"kind":"step","step":{"Name":"VulkanContext.PickPhysicalDevice","Status":"Started","TimestampUtc":"2026-08-07T19:16:58.3846993+00:00","ElapsedMicroseconds":0}}
{"kind":"device","timestampUtc":"2026-08-07T19:16:58.3953221+00:00","report":{"DeviceName":"NVIDIA GeForce RTX 3060 Laptop GPU","VendorId":4318,"DeviceId":9568,"ApiVersion":"1.4.341","DriverVersion":"610.248.0","MissingInstanceExtensions":[],"MissingInstanceLayers":[],"MissingDeviceExtensions":[],"MissingFeatures":[],"MissingQueueFamilies":[],"IsSupported":true}}
{"kind":"step","step":{"Name":"VulkanContext.PickPhysicalDevice","Status":"Succeeded","TimestampUtc":"2026-08-07T19:16:58.4052437+00:00","ElapsedMicroseconds":20545}}
{"kind":"step","step":{"Name":"VulkanContext.CreateLogicalDevice","Status":"Started","TimestampUtc":"2026-08-07T19:16:58.4052775+00:00","ElapsedMicroseconds":0}}
{"kind":"step","step":{"Name":"VulkanContext.CreateLogicalDevice","Status":"Succeeded","TimestampUtc":"2026-08-07T19:16:58.5336306+00:00","ElapsedMicroseconds":128353}}
{"kind":"step","step":{"Name":"VulkanContext.CreateAllocator","Status":"Started","TimestampUtc":"2026-08-07T19:16:58.5337198+00:00","ElapsedMicroseconds":0}}
{"kind":"step","step":{"Name":"VulkanContext.CreateAllocator","Status":"Succeeded","TimestampUtc":"2026-08-07T19:16:58.5350006+00:00","ElapsedMicroseconds":1281}}
{"kind":"step","step":{"Name":"VulkanContext.LoadExtensions","Status":"Started","TimestampUtc":"2026-08-07T19:16:58.5350367+00:00","ElapsedMicroseconds":0}}
{"kind":"step","step":{"Name":"VulkanContext.LoadExtensions","Status":"Succeeded","TimestampUtc":"2026-08-07T19:16:58.5466533+00:00","ElapsedMicroseconds":11615}}
{"kind":"step","step":{"Name":"VulkanContext.CreateSingleTimeCommandPool","Status":"Started","TimestampUtc":"2026-08-07T19:16:58.5467312+00:00","ElapsedMicroseconds":0}}
{"kind":"step","step":{"Name":"VulkanContext.CreateSingleTimeCommandPool","Status":"Succeeded","TimestampUtc":"2026-08-07T19:16:58.5480645+00:00","ElapsedMicroseconds":1334}}
{"kind":"step","step":{"Name":"VulkanRenderer.Initialize","Status":"Started","TimestampUtc":"2026-08-07T19:16:58.9553291+00:00","ElapsedMicroseconds":0}}
{"kind":"step","step":{"Name":"VulkanRenderer.Initialize","Status":"Succeeded","TimestampUtc":"2026-08-07T19:17:44.2131046+00:00","ElapsedMicroseconds":45257776}}
{"kind":"step","step":{"Name":"Content.LoadInitialScene","Status":"Started","TimestampUtc":"2026-08-07T19:17:44.213197+00:00","ElapsedMicroseconds":0}}
{"kind":"step","step":{"Name":"Content.LoadInitialScene","Status":"Succeeded","TimestampUtc":"2026-08-07T19:17:46.9788101+00:00","ElapsedMicroseconds":2765618}}
{"kind":"step","step":{"Name":"FirstFrame.Begin","Status":"Started","TimestampUtc":"2026-08-07T19:17:47.0100544+00:00","ElapsedMicroseconds":0}}
{"kind":"step","step":{"Name":"FirstFrame.Begin","Status":"Succeeded","TimestampUtc":"2026-08-07T19:17:47.0101648+00:00","ElapsedMicroseconds":112}}
{"kind":"step","step":{"Name":"FirstFrame.End","Status":"Started","TimestampUtc":"2026-08-07T19:17:54.2171774+00:00","ElapsedMicroseconds":0}}
{"kind":"step","step":{"Name":"FirstFrame.End","Status":"Succeeded","TimestampUtc":"2026-08-07T19:17:54.2173108+00:00","ElapsedMicroseconds":134}}
