{"kind":"header","timestampUtc":"2026-08-07T21:53:45.8167859+00:00","processId":3892,"osVersion":"Microsoft Windows NT 10.0.26200.0","dotnetVersion":"10.0.7","executablePath":"D:\\Code\\C#\\Njulf4.0-Simplified\\Njulf\\NjulfHelloGame\\bin\\ShippingPerformance\\net10.0\\NjulfHelloGame.exe","workingDirectory":"D:\\Code\\C#\\Njulf4.0-Simplified\\Njulf","commandLineArgs":["--benchmark","--performance-scenario","gi-sponza-right-wall-stationary","--quality-preset","ddgi-high","--validation","off","--benchmark-warmup-frames","0","--benchmark-measure-frames","120","--benchmark-max-settle-frames","2048","--benchmark-pair-id","receiver-cache-raw-fp32-r1","--benchmark-variant","forward-gi-disabled","--benchmark-report",".tmp\\hallway-hotspot-final\\raw-fp32-r1-disabled.json","--async-compute-mode","disabled","--startup-log",".tmp\\hallway-hotspot-final\\raw-fp32-r1-disabled.log"],"rendererStartupLog":"D:\\Code\\C#\\Njulf4.0-Simplified\\Njulf\\.tmp\\hallway-hotspot-final\\raw-fp32-r1-disabled.log"}
{"kind":"step","step":{"Name":"Game.CreateWindow","Status":"Started","TimestampUtc":"2026-08-07T21:53:45.8658261+00:00","ElapsedMicroseconds":0}}
{"kind":"step","step":{"Name":"Game.CreateWindow","Status":"Succeeded","TimestampUtc":"2026-08-07T21:53:45.9484314+00:00","ElapsedMicroseconds":82636}}
{"kind":"step","step":{"Name":"Game.ConfigureServices","Status":"Started","TimestampUtc":"2026-08-07T21:53:47.2170743+00:00","ElapsedMicroseconds":0}}
{"kind":"step","step":{"Name":"Game.ConfigureServices","Status":"Succeeded","TimestampUtc":"2026-08-07T21:53:47.2265484+00:00","ElapsedMicroseconds":9476}}
{"kind":"step","step":{"Name":"VulkanContext.CreateInstance","Status":"Started","TimestampUtc":"2026-08-07T21:53:47.2459408+00:00","ElapsedMicroseconds":0}}
{"kind":"step","step":{"Name":"VulkanContext.ValidateInstanceExtensions","Status":"Started","TimestampUtc":"2026-08-07T21:53:47.2534517+00:00","ElapsedMicroseconds":0}}
{"kind":"step","step":{"Name":"VulkanContext.ValidateInstanceExtensions","Status":"Succeeded","TimestampUtc":"2026-08-07T21:53:47.2612591+00:00","ElapsedMicroseconds":7808}}
{"kind":"step","step":{"Name":"VulkanContext.CreateInstance","Status":"Succeeded","TimestampUtc":"2026-08-07T21:53:47.4716854+00:00","ElapsedMicroseconds":225760}}
{"kind":"step","step":{"Name":"VulkanContext.LoadDebugUtils","Status":"Started","TimestampUtc":"2026-08-07T21:53:47.4717641+00:00","ElapsedMicroseconds":0}}
{"kind":"step","step":{"Name":"VulkanContext.LoadDebugUtils","Status":"Succeeded","TimestampUtc":"2026-08-07T21:53:47.4811498+00:00","ElapsedMicroseconds":9386}}
{"kind":"step","step":{"Name":"VulkanContext.PickPhysicalDevice","Status":"Started","TimestampUtc":"2026-08-07T21:53:47.4812238+00:00","ElapsedMicroseconds":0}}
{"kind":"device","timestampUtc":"2026-08-07T21:53:47.4910535+00:00","report":{"DeviceName":"NVIDIA GeForce RTX 3060 Laptop GPU","VendorId":4318,"DeviceId":9568,"ApiVersion":"1.4.341","DriverVersion":"610.248.0","MissingInstanceExtensions":[],"MissingInstanceLayers":[],"MissingDeviceExtensions":[],"MissingFeatures":[],"MissingQueueFamilies":[],"IsSupported":true}}
{"kind":"step","step":{"Name":"VulkanContext.PickPhysicalDevice","Status":"Succeeded","TimestampUtc":"2026-08-07T21:53:47.4998996+00:00","ElapsedMicroseconds":18677}}
{"kind":"step","step":{"Name":"VulkanContext.CreateLogicalDevice","Status":"Started","TimestampUtc":"2026-08-07T21:53:47.4999317+00:00","ElapsedMicroseconds":0}}
{"kind":"step","step":{"Name":"VulkanContext.CreateLogicalDevice","Status":"Succeeded","TimestampUtc":"2026-08-07T21:53:47.633655+00:00","ElapsedMicroseconds":133730}}
{"kind":"step","step":{"Name":"VulkanContext.CreateAllocator","Status":"Started","TimestampUtc":"2026-08-07T21:53:47.6337491+00:00","ElapsedMicroseconds":0}}
{"kind":"step","step":{"Name":"VulkanContext.CreateAllocator","Status":"Succeeded","TimestampUtc":"2026-08-07T21:53:47.6351069+00:00","ElapsedMicroseconds":1358}}
{"kind":"step","step":{"Name":"VulkanContext.LoadExtensions","Status":"Started","TimestampUtc":"2026-08-07T21:53:47.6351505+00:00","ElapsedMicroseconds":0}}
{"kind":"step","step":{"Name":"VulkanContext.LoadExtensions","Status":"Succeeded","TimestampUtc":"2026-08-07T21:53:47.6473223+00:00","ElapsedMicroseconds":12172}}
{"kind":"step","step":{"Name":"VulkanContext.CreateSingleTimeCommandPool","Status":"Started","TimestampUtc":"2026-08-07T21:53:47.6474019+00:00","ElapsedMicroseconds":0}}
{"kind":"step","step":{"Name":"VulkanContext.CreateSingleTimeCommandPool","Status":"Succeeded","TimestampUtc":"2026-08-07T21:53:47.6486863+00:00","ElapsedMicroseconds":1285}}
{"kind":"step","step":{"Name":"VulkanRenderer.Initialize","Status":"Started","TimestampUtc":"2026-08-07T21:53:48.0501732+00:00","ElapsedMicroseconds":0}}
{"kind":"step","step":{"Name":"VulkanRenderer.Initialize","Status":"Succeeded","TimestampUtc":"2026-08-07T21:54:32.7365943+00:00","ElapsedMicroseconds":44688961}}
{"kind":"step","step":{"Name":"Content.LoadInitialScene","Status":"Started","TimestampUtc":"2026-08-07T21:54:32.736683+00:00","ElapsedMicroseconds":0}}
{"kind":"step","step":{"Name":"Content.LoadInitialScene","Status":"Succeeded","TimestampUtc":"2026-08-07T21:54:35.2298122+00:00","ElapsedMicroseconds":2493274}}
{"kind":"step","step":{"Name":"FirstFrame.Begin","Status":"Started","TimestampUtc":"2026-08-07T21:54:35.2610461+00:00","ElapsedMicroseconds":0}}
{"kind":"step","step":{"Name":"FirstFrame.Begin","Status":"Succeeded","TimestampUtc":"2026-08-07T21:54:35.2611492+00:00","ElapsedMicroseconds":104}}
{"kind":"step","step":{"Name":"FirstFrame.End","Status":"Started","TimestampUtc":"2026-08-07T21:54:41.7183975+00:00","ElapsedMicroseconds":0}}
{"kind":"step","step":{"Name":"FirstFrame.End","Status":"Succeeded","TimestampUtc":"2026-08-07T21:54:41.7185256+00:00","ElapsedMicroseconds":129}}
