{"kind":"header","timestampUtc":"2026-08-07T21:28:39.9120923+00:00","processId":23676,"osVersion":"Microsoft Windows NT 10.0.26200.0","dotnetVersion":"10.0.7","executablePath":"D:\\Code\\C#\\Njulf4.0-Simplified\\Njulf\\NjulfHelloGame\\bin\\ShippingPerformance\\net10.0\\NjulfHelloGame.exe","workingDirectory":"D:\\Code\\C#\\Njulf4.0-Simplified\\Njulf","commandLineArgs":["--benchmark","--performance-scenario","gi-sponza-right-wall-stationary","--quality-preset","ddgi-high","--validation","off","--benchmark-warmup-frames","0","--benchmark-measure-frames","120","--benchmark-max-settle-frames","2048","--benchmark-pair-id","receiver-cache-shift-r1","--benchmark-variant","forward-gi-disabled","--benchmark-report",".tmp\\hallway-hotspot-final\\shift-r1-disabled.json","--async-compute-mode","disabled","--startup-log",".tmp\\hallway-hotspot-final\\shift-r1-disabled.log"],"rendererStartupLog":"D:\\Code\\C#\\Njulf4.0-Simplified\\Njulf\\.tmp\\hallway-hotspot-final\\shift-r1-disabled.log"}
{"kind":"step","step":{"Name":"Game.CreateWindow","Status":"Started","TimestampUtc":"2026-08-07T21:28:39.96012+00:00","ElapsedMicroseconds":0}}
{"kind":"step","step":{"Name":"Game.CreateWindow","Status":"Succeeded","TimestampUtc":"2026-08-07T21:28:40.0413937+00:00","ElapsedMicroseconds":81306}}
{"kind":"step","step":{"Name":"Game.ConfigureServices","Status":"Started","TimestampUtc":"2026-08-07T21:28:41.9046573+00:00","ElapsedMicroseconds":0}}
{"kind":"step","step":{"Name":"Game.ConfigureServices","Status":"Succeeded","TimestampUtc":"2026-08-07T21:28:41.9140341+00:00","ElapsedMicroseconds":9379}}
{"kind":"step","step":{"Name":"VulkanContext.CreateInstance","Status":"Started","TimestampUtc":"2026-08-07T21:28:41.9332293+00:00","ElapsedMicroseconds":0}}
{"kind":"step","step":{"Name":"VulkanContext.ValidateInstanceExtensions","Status":"Started","TimestampUtc":"2026-08-07T21:28:41.9409906+00:00","ElapsedMicroseconds":0}}
{"kind":"step","step":{"Name":"VulkanContext.ValidateInstanceExtensions","Status":"Succeeded","TimestampUtc":"2026-08-07T21:28:41.9485376+00:00","ElapsedMicroseconds":7548}}
{"kind":"step","step":{"Name":"VulkanContext.CreateInstance","Status":"Succeeded","TimestampUtc":"2026-08-07T21:28:42.1635274+00:00","ElapsedMicroseconds":230322}}
{"kind":"step","step":{"Name":"VulkanContext.LoadDebugUtils","Status":"Started","TimestampUtc":"2026-08-07T21:28:42.1636234+00:00","ElapsedMicroseconds":0}}
{"kind":"step","step":{"Name":"VulkanContext.LoadDebugUtils","Status":"Succeeded","TimestampUtc":"2026-08-07T21:28:42.1736339+00:00","ElapsedMicroseconds":10011}}
{"kind":"step","step":{"Name":"VulkanContext.PickPhysicalDevice","Status":"Started","TimestampUtc":"2026-08-07T21:28:42.1737146+00:00","ElapsedMicroseconds":0}}
{"kind":"device","timestampUtc":"2026-08-07T21:28:42.1873562+00:00","report":{"DeviceName":"NVIDIA GeForce RTX 3060 Laptop GPU","VendorId":4318,"DeviceId":9568,"ApiVersion":"1.4.341","DriverVersion":"610.248.0","MissingInstanceExtensions":[],"MissingInstanceLayers":[],"MissingDeviceExtensions":[],"MissingFeatures":[],"MissingQueueFamilies":[],"IsSupported":true}}
{"kind":"step","step":{"Name":"VulkanContext.PickPhysicalDevice","Status":"Succeeded","TimestampUtc":"2026-08-07T21:28:42.1963944+00:00","ElapsedMicroseconds":22682}}
{"kind":"step","step":{"Name":"VulkanContext.CreateLogicalDevice","Status":"Started","TimestampUtc":"2026-08-07T21:28:42.1964834+00:00","ElapsedMicroseconds":0}}
{"kind":"step","step":{"Name":"VulkanContext.CreateLogicalDevice","Status":"Succeeded","TimestampUtc":"2026-08-07T21:28:42.3342406+00:00","ElapsedMicroseconds":137770}}
{"kind":"step","step":{"Name":"VulkanContext.CreateAllocator","Status":"Started","TimestampUtc":"2026-08-07T21:28:42.3343284+00:00","ElapsedMicroseconds":0}}
{"kind":"step","step":{"Name":"VulkanContext.CreateAllocator","Status":"Succeeded","TimestampUtc":"2026-08-07T21:28:42.3356542+00:00","ElapsedMicroseconds":1326}}
{"kind":"step","step":{"Name":"VulkanContext.LoadExtensions","Status":"Started","TimestampUtc":"2026-08-07T21:28:42.3357014+00:00","ElapsedMicroseconds":0}}
{"kind":"step","step":{"Name":"VulkanContext.LoadExtensions","Status":"Succeeded","TimestampUtc":"2026-08-07T21:28:42.3478672+00:00","ElapsedMicroseconds":12167}}
{"kind":"step","step":{"Name":"VulkanContext.CreateSingleTimeCommandPool","Status":"Started","TimestampUtc":"2026-08-07T21:28:42.3479963+00:00","ElapsedMicroseconds":0}}
{"kind":"step","step":{"Name":"VulkanContext.CreateSingleTimeCommandPool","Status":"Succeeded","TimestampUtc":"2026-08-07T21:28:42.3492983+00:00","ElapsedMicroseconds":1303}}
{"kind":"step","step":{"Name":"VulkanRenderer.Initialize","Status":"Started","TimestampUtc":"2026-08-07T21:28:42.7600736+00:00","ElapsedMicroseconds":0}}
{"kind":"step","step":{"Name":"VulkanRenderer.Initialize","Status":"Succeeded","TimestampUtc":"2026-08-07T21:29:27.4709818+00:00","ElapsedMicroseconds":44715326}}
{"kind":"step","step":{"Name":"Content.LoadInitialScene","Status":"Started","TimestampUtc":"2026-08-07T21:29:27.4710772+00:00","ElapsedMicroseconds":0}}
{"kind":"step","step":{"Name":"Content.LoadInitialScene","Status":"Succeeded","TimestampUtc":"2026-08-07T21:29:30.5768969+00:00","ElapsedMicroseconds":3106131}}
{"kind":"step","step":{"Name":"FirstFrame.Begin","Status":"Started","TimestampUtc":"2026-08-07T21:29:30.609927+00:00","ElapsedMicroseconds":0}}
{"kind":"step","step":{"Name":"FirstFrame.Begin","Status":"Succeeded","TimestampUtc":"2026-08-07T21:29:30.6100531+00:00","ElapsedMicroseconds":128}}
{"kind":"step","step":{"Name":"FirstFrame.End","Status":"Started","TimestampUtc":"2026-08-07T21:29:36.9451696+00:00","ElapsedMicroseconds":0}}
{"kind":"step","step":{"Name":"FirstFrame.End","Status":"Succeeded","TimestampUtc":"2026-08-07T21:29:36.9452763+00:00","ElapsedMicroseconds":108}}
