{"kind":"header","timestampUtc":"2026-08-07T21:31:14.2143782+00:00","processId":15392,"osVersion":"Microsoft Windows NT 10.0.26200.0","dotnetVersion":"10.0.7","executablePath":"D:\\Code\\C#\\Njulf4.0-Simplified\\Njulf\\NjulfHelloGame\\bin\\ShippingPerformance\\net10.0\\NjulfHelloGame.exe","workingDirectory":"D:\\Code\\C#\\Njulf4.0-Simplified\\Njulf","commandLineArgs":["--benchmark","--performance-scenario","gi-sponza-right-wall-stationary","--quality-preset","ddgi-high","--validation","off","--benchmark-warmup-frames","0","--benchmark-measure-frames","120","--benchmark-max-settle-frames","2048","--benchmark-pair-id","receiver-cache-shift-r2","--benchmark-variant","forward-gi-enabled","--benchmark-report",".tmp\\hallway-hotspot-final\\shift-r2-enabled.json","--async-compute-mode","disabled","--startup-log",".tmp\\hallway-hotspot-final\\shift-r2-enabled.log"],"rendererStartupLog":"D:\\Code\\C#\\Njulf4.0-Simplified\\Njulf\\.tmp\\hallway-hotspot-final\\shift-r2-enabled.log"}
{"kind":"step","step":{"Name":"Game.CreateWindow","Status":"Started","TimestampUtc":"2026-08-07T21:31:14.2611784+00:00","ElapsedMicroseconds":0}}
{"kind":"step","step":{"Name":"Game.CreateWindow","Status":"Succeeded","TimestampUtc":"2026-08-07T21:31:14.3416698+00:00","ElapsedMicroseconds":80520}}
{"kind":"step","step":{"Name":"Game.ConfigureServices","Status":"Started","TimestampUtc":"2026-08-07T21:31:16.2112723+00:00","ElapsedMicroseconds":0}}
{"kind":"step","step":{"Name":"Game.ConfigureServices","Status":"Succeeded","TimestampUtc":"2026-08-07T21:31:16.2203538+00:00","ElapsedMicroseconds":9083}}
{"kind":"step","step":{"Name":"VulkanContext.CreateInstance","Status":"Started","TimestampUtc":"2026-08-07T21:31:16.2399545+00:00","ElapsedMicroseconds":0}}
{"kind":"step","step":{"Name":"VulkanContext.ValidateInstanceExtensions","Status":"Started","TimestampUtc":"2026-08-07T21:31:16.2478051+00:00","ElapsedMicroseconds":0}}
{"kind":"step","step":{"Name":"VulkanContext.ValidateInstanceExtensions","Status":"Succeeded","TimestampUtc":"2026-08-07T21:31:16.2562519+00:00","ElapsedMicroseconds":8448}}
{"kind":"step","step":{"Name":"VulkanContext.CreateInstance","Status":"Succeeded","TimestampUtc":"2026-08-07T21:31:16.4712041+00:00","ElapsedMicroseconds":231268}}
{"kind":"step","step":{"Name":"VulkanContext.LoadDebugUtils","Status":"Started","TimestampUtc":"2026-08-07T21:31:16.4712925+00:00","ElapsedMicroseconds":0}}
{"kind":"step","step":{"Name":"VulkanContext.LoadDebugUtils","Status":"Succeeded","TimestampUtc":"2026-08-07T21:31:16.4811205+00:00","ElapsedMicroseconds":9828}}
{"kind":"step","step":{"Name":"VulkanContext.PickPhysicalDevice","Status":"Started","TimestampUtc":"2026-08-07T21:31:16.4811946+00:00","ElapsedMicroseconds":0}}
{"kind":"device","timestampUtc":"2026-08-07T21:31:16.4912989+00:00","report":{"DeviceName":"NVIDIA GeForce RTX 3060 Laptop GPU","VendorId":4318,"DeviceId":9568,"ApiVersion":"1.4.341","DriverVersion":"610.248.0","MissingInstanceExtensions":[],"MissingInstanceLayers":[],"MissingDeviceExtensions":[],"MissingFeatures":[],"MissingQueueFamilies":[],"IsSupported":true}}
{"kind":"step","step":{"Name":"VulkanContext.PickPhysicalDevice","Status":"Succeeded","TimestampUtc":"2026-08-07T21:31:16.5003366+00:00","ElapsedMicroseconds":19144}}
{"kind":"step","step":{"Name":"VulkanContext.CreateLogicalDevice","Status":"Started","TimestampUtc":"2026-08-07T21:31:16.5003681+00:00","ElapsedMicroseconds":0}}
{"kind":"step","step":{"Name":"VulkanContext.CreateLogicalDevice","Status":"Succeeded","TimestampUtc":"2026-08-07T21:31:16.6353723+00:00","ElapsedMicroseconds":135013}}
{"kind":"step","step":{"Name":"VulkanContext.CreateAllocator","Status":"Started","TimestampUtc":"2026-08-07T21:31:16.6354644+00:00","ElapsedMicroseconds":0}}
{"kind":"step","step":{"Name":"VulkanContext.CreateAllocator","Status":"Succeeded","TimestampUtc":"2026-08-07T21:31:16.6367814+00:00","ElapsedMicroseconds":1318}}
{"kind":"step","step":{"Name":"VulkanContext.LoadExtensions","Status":"Started","TimestampUtc":"2026-08-07T21:31:16.6368281+00:00","ElapsedMicroseconds":0}}
{"kind":"step","step":{"Name":"VulkanContext.LoadExtensions","Status":"Succeeded","TimestampUtc":"2026-08-07T21:31:16.6485318+00:00","ElapsedMicroseconds":11704}}
{"kind":"step","step":{"Name":"VulkanContext.CreateSingleTimeCommandPool","Status":"Started","TimestampUtc":"2026-08-07T21:31:16.6486821+00:00","ElapsedMicroseconds":0}}
{"kind":"step","step":{"Name":"VulkanContext.CreateSingleTimeCommandPool","Status":"Succeeded","TimestampUtc":"2026-08-07T21:31:16.6499687+00:00","ElapsedMicroseconds":1287}}
{"kind":"step","step":{"Name":"VulkanRenderer.Initialize","Status":"Started","TimestampUtc":"2026-08-07T21:31:17.0482369+00:00","ElapsedMicroseconds":0}}
{"kind":"step","step":{"Name":"VulkanRenderer.Initialize","Status":"Succeeded","TimestampUtc":"2026-08-07T21:32:00.1832512+00:00","ElapsedMicroseconds":43138220}}
{"kind":"step","step":{"Name":"Content.LoadInitialScene","Status":"Started","TimestampUtc":"2026-08-07T21:32:00.1833475+00:00","ElapsedMicroseconds":0}}
{"kind":"step","step":{"Name":"Content.LoadInitialScene","Status":"Succeeded","TimestampUtc":"2026-08-07T21:32:02.708209+00:00","ElapsedMicroseconds":2525054}}
{"kind":"step","step":{"Name":"FirstFrame.Begin","Status":"Started","TimestampUtc":"2026-08-07T21:32:02.7378245+00:00","ElapsedMicroseconds":0}}
{"kind":"step","step":{"Name":"FirstFrame.Begin","Status":"Succeeded","TimestampUtc":"2026-08-07T21:32:02.7379322+00:00","ElapsedMicroseconds":109}}
{"kind":"step","step":{"Name":"FirstFrame.End","Status":"Started","TimestampUtc":"2026-08-07T21:32:09.4527661+00:00","ElapsedMicroseconds":0}}
{"kind":"step","step":{"Name":"FirstFrame.End","Status":"Succeeded","TimestampUtc":"2026-08-07T21:32:09.452883+00:00","ElapsedMicroseconds":119}}
